User Has Added A New Task: wash clothes
User Has Added A New Task: wash shoes
User Has Marked A Task As Complete: wash clothes
User Has Marked A Task As Complete: wash shoes
User Has Removed A Task: wash clothes
User Has Removed A Task: wash
User Has Removed A Task: wash shoes
User Has Removed A Task: clean
User Has Removed A Task: loo
User Has Removed A Task: wash
User Has Exited The Program. STATUS CODE: 200
User Has Added A Task: wash
User Has Exited Program. STATUS CODE: 200
User Has Removed A Task: wash
User Has Added A Task: wash
User Has Removed A Task: wash
User Has Exited Program. STATUS CODE: 200
User Has Added A Task: wash
User Has Added A Task: clean
User Has Added A Task: wacth
User Has Added A Task: drink
